// Jest Snapshot v1, https://goo.gl/fbAQLP

exports[`renders the accordion 1`] = `
<div>
  <div
    id="accordion"
  >
    <div
      class="deal-header-containers"
      data-testid="deal-header"
    >
      <span>
        Local
         Deals
      </span>
      <span
        data-testid="deals-total"
      >
        Total: $
        60
      </span>
    </div>
    <div
      class="deals-container"
      data-testid="deals-container"
    >
      <div
        class="deal"
        data-testid="deal"
      >
        <span>
          Deal 
          1
        </span>
        <span>
          $
          10
        </span>
      </div>
      <div
        class="deal"
        data-testid="deal"
      >
        <span>
          Deal 
          2
        </span>
        <span>
          $
          20
        </span>
      </div>
      <div
        class="deal"
        data-testid="deal"
      >
        <span>
          Deal 
          3
        </span>
        <span>
          $
          30
        </span>
      </div>
      <div
        class="add-deal"
      >
        <span
          data-testid="add-deal-btn"
        >
          Add Deal
        </span>
      </div>
    </div>
    <div
      class="deal-header-containers"
      data-testid="deal-header"
    >
      <span>
        Getaway
         Deals
      </span>
      <span
        data-testid="deals-total"
      >
        Total: $
        150
      </span>
    </div>
    <div
      class="deals-container"
      data-testid="deals-container"
    >
      <div
        class="deal"
        data-testid="deal"
      >
        <span>
          Deal 
          1
        </span>
        <span>
          $
          40
        </span>
      </div>
      <div
        class="deal"
        data-testid="deal"
      >
        <span>
          Deal 
          2
        </span>
        <span>
          $
          50
        </span>
      </div>
      <div
        class="deal"
        data-testid="deal"
      >
        <span>
          Deal 
          3
        </span>
        <span>
          $
          60
        </span>
      </div>
      <div
        class="add-deal"
      >
        <span
          data-testid="add-deal-btn"
        >
          Add Deal
        </span>
      </div>
    </div>
    <div
      class="deal-header-containers"
      data-testid="deal-header"
    >
      <span>
        Goods
         Deals
      </span>
      <span
        data-testid="deals-total"
      >
        Total: $
        240
      </span>
    </div>
    <div
      class="deals-container"
      data-testid="deals-container"
    >
      <div
        class="deal"
        data-testid="deal"
      >
        <span>
          Deal 
          1
        </span>
        <span>
          $
          70
        </span>
      </div>
      <div
        class="deal"
        data-testid="deal"
      >
        <span>
          Deal 
          2
        </span>
        <span>
          $
          80
        </span>
      </div>
      <div
        class="deal"
        data-testid="deal"
      >
        <span>
          Deal 
          3
        </span>
        <span>
          $
          90
        </span>
      </div>
      <div
        class="add-deal"
      >
        <span
          data-testid="add-deal-btn"
        >
          Add Deal
        </span>
      </div>
    </div>
    <div
      class="deal-header-containers"
      data-testid="deal-header"
    >
      <span>
        Groupon
         Deals
      </span>
      <span
        data-testid="deals-total"
      >
        Total: $
        160
      </span>
    </div>
    <div
      class="deals-container"
      data-testid="deals-container"
    >
      <div
        class="deal"
        data-testid="deal"
      >
        <span>
          Deal 
          1
        </span>
        <span>
          $
          150
        </span>
      </div>
      <div
        class="deal"
        data-testid="deal"
      >
        <span>
          Deal 
          2
        </span>
        <span>
          $
          10
        </span>
      </div>
      <div
        class="add-deal"
      >
        <span
          data-testid="add-deal-btn"
        >
          Add Deal
        </span>
      </div>
    </div>
    <div
      id="grand-total"
    >
      <div
        data-testid="grand-total"
      >
        Grand Total: 
        <span>
          $
          610
        </span>
      </div>
    </div>
  </div>
</div>
`;
