// Jest Snapshot v1, https://goo.gl/fbAQLP

exports[`renders the deal header 1`] = `
<div>
  <div
    class="deal-header-containers"
    data-testid="deal-header"
  >
    <span
      data-testid="deals-type"
    >
      Groupon
       Deals
    </span>
    <span
      data-testid="deals-total"
    >
      Total: $
      150
    </span>
  </div>
  <div
    class="deals-container"
    data-testid="deals-container"
  >
    <div
      class="deal"
      data-testid="deal"
    >
      <span>
        Deal 
        1
      </span>
      <span>
        $
        10
      </span>
    </div>
    <div
      class="deal"
      data-testid="deal"
    >
      <span>
        Deal 
        2
      </span>
      <span>
        $
        20
      </span>
    </div>
    <div
      class="deal"
      data-testid="deal"
    >
      <span>
        Deal 
        3
      </span>
      <span>
        $
        30
      </span>
    </div>
    <div
      class="deal"
      data-testid="deal"
    >
      <span>
        Deal 
        4
      </span>
      <span>
        $
        40
      </span>
    </div>
    <div
      class="deal"
      data-testid="deal"
    >
      <span>
        Deal 
        5
      </span>
      <span>
        $
        50
      </span>
    </div>
    <div
      class="add-deal"
    >
      <span
        data-testid="add-deal-btn"
      >
        Add Deal
      </span>
    </div>
  </div>
</div>
`;
